error: unions are not supported
 --> tests/ui/from_xml/union_not_supported.rs:2:1
  |
2 | union Foo {
  | ^^^^^
